Looking at source '/Users/john/projects/pakket/Tests/Resources/extra/'
Rewritten to '/Users/john/projects/pakket/Tests/Resources/extra/'
<info>Compressing files with Gzip</info>
<info>Buffering</info>
<info>Writing stub</info>
<info>Writing file</info>
