<info>Compressing files with Gzip</info>
<info>Buffering</info>
Looking at source ''
Rewritten to '/Users/john/projects/pakket/Tests/Resources/testproj/'
<info>Adding file defaultStubTest</info>
<info>Writing stub</info>
<info>Writing file</info>
