<error>No valid path defined defined!</error>
<error>No target file defined!</error>
