Looking at source ''
<error>No stub or stubFile defined</error>
