Looking at source ''
<info>Compressing files with Gzip</info>
<info>Buffering</info>
<info>Queueing file BuildCommand.php</info>
<info>Queueing file Builder.php</info>
<info>Queueing file HelpCommand.php</info>
<info>Queueing file LICENSE</info>
<info>Queueing file README.md</info>
<info>Queueing file ReadmeCommand.php</info>
<info>Queueing file composer.json</info>
<info>Adding parsed file console</info>
<info>Queueing file defaultStub</info>
<info>Queueing file help.txt</info>
<info>Queueing file install.sh</info>
<info>Queueing file logo.txt</info>
<info>Queueing file package.sh</info>
<info>Queueing file pakket.json</info>
<info>Queueing file phpcs.xml</info>
<info>Queueing file phpunit.xml</info>
<info>Queueing file runbuild.sh</info>
<info>Queueing file stub</info>
<info>Adding Queued files(#)</info>
<info>Writing stub</info>
<info>Writing file</info>
